Run #1: 5002 3 is eating
Run #2: 5004 4 is sleeping
Run #3: 5003 4 is sleeping
Run #4: 4679 1 died
Run #5: 5003 4 is sleeping
Run #6: 5203 4 is sleeping
Run #7: 5003 3 is eating
Run #8: 1412 4 died
Run #9: 5003 4 is sleeping
Run #10: 5003 4 is sleeping
